../Core/Src/NRF_DRIVER.c:14:6:print	24	static
../Core/Src/NRF_DRIVER.c:24:6:init_CSN_CE_PINS	4	static
../Core/Src/NRF_DRIVER.c:33:7:CSN_SELECT_NRF	4	static
../Core/Src/NRF_DRIVER.c:37:7:CSN_UNSELECT_NRF	4	static
../Core/Src/NRF_DRIVER.c:41:7:NRF_ENABLE	4	static
../Core/Src/NRF_DRIVER.c:45:7:NRF_DISABLE	4	static
../Core/Src/NRF_DRIVER.c:51:7:NRF_WRITE_REGISTER	24	static
../Core/Src/NRF_DRIVER.c:60:7:NRF_WRITE_REG_MULTI_BYTES	32	static
../Core/Src/NRF_DRIVER.c:69:10:NRF_READ_REGISTER	24	static
../Core/Src/NRF_DRIVER.c:78:7:NRF_READ_REGISTER_MULTI	24	static
../Core/Src/NRF_DRIVER.c:85:7:NRF_PTX_CONFIG	24	static
../Core/Src/NRF_DRIVER.c:101:7:NRF_PRX_CONFIG	24	static
../Core/Src/NRF_DRIVER.c:115:7:nrf24_reset	40	static
../Core/Src/NRF_DRIVER.c:161:7:NRF_INIT	8	static
../Core/Src/NRF_DRIVER.c:193:7:NRD_SEND_CMD	16	static
../Core/Src/NRF_DRIVER.c:205:10:NRF_TX_DATA	24	static
../Core/Src/NRF_DRIVER.c:263:9:is_data_on_pipe	24	static
../Core/Src/NRF_DRIVER.c:274:9:NRF_SEND_PAYLOAD_WIDTH_READ	24	static
../Core/Src/NRF_DRIVER.c:286:6:NRF_RECV_DATA	24	static
