../Core/Src/NRF_DRIVER.c:14:6:print	24	static
../Core/Src/NRF_DRIVER.c:32:6:init_CSN_CE_PINS	4	static
../Core/Src/NRF_DRIVER.c:41:6:CSN_SELECT_NRF	4	static
../Core/Src/NRF_DRIVER.c:46:6:CSN_UNSELECT_NRF	4	static
../Core/Src/NRF_DRIVER.c:51:6:NRF_ENABLE	4	static
../Core/Src/NRF_DRIVER.c:56:6:NRF_DISABLE	4	static
../Core/Src/NRF_DRIVER.c:61:6:NRF_WRITE_REGISTER	24	static
../Core/Src/NRF_DRIVER.c:71:6:NRF_WRITE_REG_MULTI_BYTES	32	static
../Core/Src/NRF_DRIVER.c:81:9:NRF_READ_REGISTER	24	static
../Core/Src/NRF_DRIVER.c:91:6:NRF_READ_REGISTER_MULTI	24	static
../Core/Src/NRF_DRIVER.c:99:6:NRF_PTX_CONFIG	24	static
../Core/Src/NRF_DRIVER.c:115:6:nrf24_reset	40	static
../Core/Src/NRF_DRIVER.c:148:6:NRF_INIT	8	static
../Core/Src/NRF_DRIVER.c:178:6:NRD_SEND_CMD	16	static
../Core/Src/NRF_DRIVER.c:189:9:NRF_TX_DATA	24	static
../Core/Src/NRF_DRIVER.c:236:9:is_data_on_pipe	24	static
../Core/Src/NRF_DRIVER.c:249:9:NRF_SEND_PAYLOAD_WIDTH_READ	24	static
../Core/Src/NRF_DRIVER.c:264:6:NRF_RECV_DATA	24	static
