../Core/Src/NRF_DRIVER.c:28:6:print	24	static
../Core/Src/NRF_DRIVER.c:46:6:init_CSN_CE_PINS	4	static
../Core/Src/NRF_DRIVER.c:55:6:CSN_SELECT_NRF	4	static
../Core/Src/NRF_DRIVER.c:60:6:CSN_UNSELECT_NRF	4	static
../Core/Src/NRF_DRIVER.c:65:6:NRF_ENABLE	4	static
../Core/Src/NRF_DRIVER.c:70:6:NRF_DISABLE	4	static
../Core/Src/NRF_DRIVER.c:75:6:NRF_WRITE_REGISTER	24	static
../Core/Src/NRF_DRIVER.c:85:6:NRF_WRITE_REG_MULTI_BYTES	32	static
../Core/Src/NRF_DRIVER.c:95:9:NRF_READ_REGISTER	24	static
../Core/Src/NRF_DRIVER.c:105:6:NRF_READ_REGISTER_MULTI	24	static
../Core/Src/NRF_DRIVER.c:113:6:NRF_PTX_CONFIG	24	static
../Core/Src/NRF_DRIVER.c:129:6:nrf24_reset	40	static
../Core/Src/NRF_DRIVER.c:162:6:NRF_INIT	8	static
../Core/Src/NRF_DRIVER.c:192:6:NRD_SEND_CMD	16	static
../Core/Src/NRF_DRIVER.c:203:9:NRF_TX_DATA	24	static
../Core/Src/NRF_DRIVER.c:263:9:is_data_on_pipe	24	static
../Core/Src/NRF_DRIVER.c:276:6:NRF_RECV_DATA	24	static
