../Drivers/CMSIS/Include/core_cm4.h:1684:22:__NVIC_EnableIRQ	16	static,ignoring_inline_asm
../Drivers/CMSIS/Include/core_cm4.h:1814:22:__NVIC_SetPriority	16	static
../Core/Src/main.c:13:6:test_configure_btn_interupt	8	static
../Core/Src/main.c:45:6:print	24	static
../Core/Src/main.c:55:6:EXTI1_IRQHandler	8	static
../Core/Src/main.c:64:7:lcd_initial_characters	24	static
../Core/Src/main.c:75:6:convert_to_str	32	static
../Core/Src/main.c:85:5:main	184	static
../Core/Src/main.c:158:6:SystemClock_Config	88	static
../Core/Src/main.c:209:6:Error_Handler	4	static,ignoring_inline_asm
