../Core/Src/NRF_DRIVER.c:41:6:init_CSN_CE_PINS	4	static
../Core/Src/NRF_DRIVER.c:50:6:CSN_SELECT_NRF	4	static
../Core/Src/NRF_DRIVER.c:55:6:CSN_UNSELECT_NRF	4	static
../Core/Src/NRF_DRIVER.c:60:6:NRF_ENABLE	4	static
../Core/Src/NRF_DRIVER.c:65:6:NRF_DISABLE	4	static
../Core/Src/NRF_DRIVER.c:70:6:NRF_WRITE_REGISTER	24	static
../Core/Src/NRF_DRIVER.c:80:6:NRF_WRITE_REG_MULTI_BYTES	32	static
../Core/Src/NRF_DRIVER.c:90:9:NRF_READ_REGISTER	24	static
../Core/Src/NRF_DRIVER.c:100:6:NRF_READ_REGISTER_MULTI	24	static
../Core/Src/NRF_DRIVER.c:108:6:NRF_PTX_CONFIG	24	static
../Core/Src/NRF_DRIVER.c:124:6:NRF_PRX_CONFIG	24	static
../Core/Src/NRF_DRIVER.c:140:6:NRF_INIT	8	static
../Core/Src/NRF_DRIVER.c:169:6:NRD_SEND_CMD	16	static
../Core/Src/NRF_DRIVER.c:180:9:NRF_TX_DATA	24	static
../Core/Src/NRF_DRIVER.c:240:9:is_data_on_pipe	24	static
../Core/Src/NRF_DRIVER.c:253:9:NRF_RECV_DATA	24	static
