../Core/Src/st7789_lcd_functions.c:44:6:st7789_spi_init	8	static
../Core/Src/st7789_lcd_functions.c:58:6:lcd_initial_characters	32	static
../Core/Src/st7789_lcd_functions.c:70:6:ST7789_WriteCommand	16	static
../Core/Src/st7789_lcd_functions.c:78:7:ST7789_WriteData	16	static
../Core/Src/st7789_lcd_functions.c:86:7:ST7789_WriteSmallData	16	static
../Core/Src/st7789_lcd_functions.c:94:7:ST7789_SetAddressWindow	40	static
../Core/Src/st7789_lcd_functions.c:116:6:ST7789_Fill_Color	24	static
../Core/Src/st7789_lcd_functions.c:130:6:ST7789_WriteChar	40	static
../Core/Src/st7789_lcd_functions.c:152:6:ST7789_WriteString	32	static
../Core/Src/st7789_lcd_functions.c:181:6:ST7789_Init	56	static
../Core/Src/st7789_lcd_functions.c:241:6:ST7789_DrawPixel	24	static
../Core/Src/st7789_lcd_functions.c:252:6:ST7789_DrawImage	32	static
../Core/Src/st7789_lcd_functions.c:262:6:convert_to_str	32	static
