../Core/Src/st7789_lcd_functions.c:42:6:st7789_spi_init	8	static
../Core/Src/st7789_lcd_functions.c:57:6:ST7789_WriteCommand	16	static
../Core/Src/st7789_lcd_functions.c:65:7:ST7789_WriteData	16	static
../Core/Src/st7789_lcd_functions.c:73:7:ST7789_WriteSmallData	16	static
../Core/Src/st7789_lcd_functions.c:81:7:ST7789_SetAddressWindow	40	static
../Core/Src/st7789_lcd_functions.c:103:6:ST7789_Fill_Color	24	static
../Core/Src/st7789_lcd_functions.c:117:6:ST7789_WriteChar	40	static
../Core/Src/st7789_lcd_functions.c:139:6:ST7789_WriteString	32	static
../Core/Src/st7789_lcd_functions.c:168:6:ST7789_Init	56	static
../Core/Src/st7789_lcd_functions.c:228:6:ST7789_DrawPixel	24	static
../Core/Src/st7789_lcd_functions.c:239:6:ST7789_DrawImage	32	static
