../Core/Src/main.c:213:6:st7789_spi_init	8	static
../Core/Src/main.c:228:13:ST7789_WriteCommand	16	static
../Core/Src/main.c:236:13:ST7789_WriteData	16	static
../Core/Src/main.c:244:13:ST7789_WriteSmallData	16	static
../Core/Src/main.c:252:13:ST7789_SetAddressWindow	40	static
../Core/Src/main.c:274:6:ST7789_Fill_Color	24	static
../Core/Src/main.c:288:6:ST7789_WriteChar	40	static
../Core/Src/main.c:310:6:ST7789_WriteString	32	static
../Core/Src/main.c:339:6:ST7789_Init	56	static
../Core/Src/main.c:407:5:main	24	static
../Core/Src/main.c:452:6:SystemClock_Config	88	static
../Core/Src/main.c:502:6:Error_Handler	4	static,ignoring_inline_asm
